// Jest Snapshot v1, https://goo.gl/fbAQLP

exports[`wx app test 1`] = `[Function]`;
